
> bim-project-management-frontend@1.0.0 build
> tsc && vite build

src/components/dashboards/themes.ts(1,23): error TS6133: 'ThemeOptions' is declared but its value is never read.
src/components/dataImports/ACCSyncPanel.tsx(112,14): error TS6133: 'refetchDetails' is declared but its value is never read.
src/components/ProjectServicesTab.tsx(552,35): error TS2304: Cannot find name 'setSelectedItemId'.
src/components/ProjectServicesTab.tsx(553,35): error TS2304: Cannot find name 'setIsItemDetailOpen'.
src/components/settings/IssueReliabilityTab.tsx(1,1): error TS6133: 'React' is declared but its value is never read.
src/components/timeline_v2/TimelinePanel.tsx(58,5): error TS2769: No overload matches this call.
  Overload 1 of 3, '(options: DefinedInitialDataOptions<unknown, Error, unknown, (string | number | number[] | undefined)[]>, queryClient?: QueryClient | undefined): DefinedUseQueryResult<...>', gave the following error.
    Object literal may only specify known properties, and 'keepPreviousData' does not exist in type 'DefinedInitialDataOptions<unknown, Error, unknown, (string | number | number[] | undefined)[]>'.
  Overload 2 of 3, '(options: UndefinedInitialDataOptions<DashboardTimelineResponse, Error, DashboardTimelineResponse, (string | number | number[] | undefined)[]>, queryClient?: QueryClient | undefined): UseQueryResult<...>', gave the following error.
    Object literal may only specify known properties, and 'keepPreviousData' does not exist in type 'UndefinedInitialDataOptions<DashboardTimelineResponse, Error, DashboardTimelineResponse, (string | number | number[] | undefined)[]>'.
  Overload 3 of 3, '(options: UseQueryOptions<DashboardTimelineResponse, Error, DashboardTimelineResponse, (string | number | number[] | undefined)[]>, queryClient?: QueryClient | undefined): UseQueryResult<...>', gave the following error.
    Object literal may only specify known properties, and 'keepPreviousData' does not exist in type 'UseQueryOptions<DashboardTimelineResponse, Error, DashboardTimelineResponse, (string | number | number[] | undefined)[]>'.
src/components/timeline_v2/TimelinePanel.tsx(63,54): error TS2339: Property 'projects' does not exist on type '{}'.
src/components/timeline_v2/useTimelineModel.ts(35,6): error TS6196: 'TimelineFilters' is declared but never used.
src/components/timeline_v2/useTimelineModel.ts(281,12): error TS2339: Property 'subLabel' does not exist on type '{ date: Date; x: number; }'.
src/components/timeline_v2/useTimelineModel.ts(292,14): error TS2339: Property 'label' does not exist on type '{ date: Date; x: number; }'.
src/components/timeline_v2/useTimelineModel.ts(293,14): error TS2339: Property 'isMajor' does not exist on type '{ date: Date; x: number; }'.
src/components/timeline_v2/useTimelineModel.ts(303,14): error TS2339: Property 'label' does not exist on type '{ date: Date; x: number; }'.
src/components/timeline_v2/useTimelineModel.ts(304,14): error TS2339: Property 'isMajor' does not exist on type '{ date: Date; x: number; }'.
src/components/ui/LinkedIssuesList.tsx(87,31): error TS2339: Property 'isLoading' does not exist on type 'UseMutationResult<unknown, Error, void, unknown>'.
src/components/ui/LinkedIssuesList.tsx(115,18): error TS2345: Argument of type 'number' is not assignable to parameter of type 'void'.
src/config/featureFlags.ts(35,9): error TS6133: 'target' is declared but its value is never read.
src/features/projects/services/ProjectServicesList.tsx(55,5): error TS2769: No overload matches this call.
  Overload 1 of 3, '(options: DefinedInitialDataOptions<ProjectServicesListResponse, Error, ProjectServicesListResponse, readonly unknown[]>, queryClient?: QueryClient | undefined): DefinedUseQueryResult<...>', gave the following error.
    Object literal may only specify known properties, and 'keepPreviousData' does not exist in type 'DefinedInitialDataOptions<ProjectServicesListResponse, Error, ProjectServicesListResponse, readonly unknown[]>'.
  Overload 2 of 3, '(options: UndefinedInitialDataOptions<ProjectServicesListResponse, Error, ProjectServicesListResponse, readonly unknown[]>, queryClient?: QueryClient | undefined): UseQueryResult<...>', gave the following error.
    Object literal may only specify known properties, and 'keepPreviousData' does not exist in type 'UndefinedInitialDataOptions<ProjectServicesListResponse, Error, ProjectServicesListResponse, readonly unknown[]>'.
  Overload 3 of 3, '(options: UseQueryOptions<ProjectServicesListResponse, Error, ProjectServicesListResponse, readonly unknown[]>, queryClient?: QueryClient | undefined): UseQueryResult<...>', gave the following error.
    Object literal may only specify known properties, and 'keepPreviousData' does not exist in type 'UseQueryOptions<ProjectServicesListResponse, Error, ProjectServicesListResponse, readonly unknown[]>'.
src/features/projects/services/ProjectServicesList.tsx(65,35): error TS2339: Property 'items' does not exist on type 'NonNullable<NoInfer<TQueryFnData>>'.
src/features/projects/services/ProjectServicesList.tsx(65,60): error TS2339: Property 'services' does not exist on type 'NonNullable<NoInfer<TQueryFnData>>'.
src/features/projects/services/ProjectServicesList.tsx(65,88): error TS2339: Property 'results' does not exist on type 'NonNullable<NoInfer<TQueryFnData>>'.
src/hooks/useAnchorLinks.ts(66,5): error TS2559: Type '(payload: CreateIssueLinkPayload) => Promise<CreateIssueLinkResponse>' has no properties in common with type 'UseMutationOptions<unknown, Error, void, unknown>'.
src/hooks/useAnchorLinks.ts(68,24): error TS7006: Parameter 'payload' implicitly has an 'any' type.
src/hooks/useAnchorLinks.ts(84,19): error TS6133: 'data' is declared but its value is never read.
src/hooks/useAnchorLinks.ts(84,19): error TS7006: Parameter 'data' implicitly has an 'any' type.
src/hooks/useAnchorLinks.ts(84,25): error TS7006: Parameter 'payload' implicitly has an 'any' type.
src/hooks/useAnchorLinks.ts(93,17): error TS7006: Parameter 'error' implicitly has an 'any' type.
src/hooks/useAnchorLinks.ts(93,24): error TS6133: 'payload' is declared but its value is never read.
src/hooks/useAnchorLinks.ts(93,24): error TS7006: Parameter 'payload' implicitly has an 'any' type.
src/hooks/useAnchorLinks.ts(93,33): error TS6133: 'context' is declared but its value is never read.
src/hooks/useAnchorLinks.ts(93,33): error TS7006: Parameter 'context' implicitly has an 'any' type.
src/hooks/useAnchorLinks.ts(108,5): error TS2559: Type '(linkId: number) => Promise<{ success?: boolean | undefined; error?: string | undefined; }>' has no properties in common with type 'UseMutationOptions<unknown, Error, void, unknown>'.
src/hooks/useAnchorLinks.ts(128,17): error TS7006: Parameter 'error' implicitly has an 'any' type.
src/hooks/useUpdateProject.ts(20,5): error TS2322: Type '({ projectId, patch }: UpdateProjectArgs) => Promise<{ previousProject: Project | undefined; previousProjectLists: [readonly unknown[], Project[] | undefined][]; }>' is not assignable to type '(variables: UpdateProjectArgs, context: MutationFunctionContext) => UpdateProjectContext | Promise<UpdateProjectContext>'.
  Type 'Promise<{ previousProject: Project | undefined; previousProjectLists: [readonly unknown[], Project[] | undefined][]; }>' is not assignable to type 'UpdateProjectContext | Promise<UpdateProjectContext>'.
    Type 'Promise<{ previousProject: Project | undefined; previousProjectLists: [readonly unknown[], Project[] | undefined][]; }>' is not assignable to type 'Promise<UpdateProjectContext>'.
      Type '{ previousProject: Project | undefined; previousProjectLists: [readonly unknown[], Project[] | undefined][]; }' is not assignable to type 'UpdateProjectContext'.
        Types of property 'previousProjectLists' are incompatible.
          Type '[readonly unknown[], Project[] | undefined][]' is not assignable to type '[unknown, Project[]][]'.
            Type '[readonly unknown[], Project[] | undefined]' is not assignable to type '[unknown, Project[]]'.
              Type at position 1 in source is not compatible with type at position 1 in target.
                Type 'Project[] | undefined' is not assignable to type 'Project[]'.
                  Type 'undefined' is not assignable to type 'Project[]'.
src/hooks/useUpdateProject.ts(52,36): error TS2345: Argument of type 'unknown' is not assignable to parameter of type 'readonly unknown[]'.
src/hooks/useUpdateReviewStatus.ts(37,66): error TS2322: Type 'string | null' is not assignable to type 'string | undefined'.
  Type 'null' is not assignable to type 'string | undefined'.
src/hooks/useUpdateReviewStatus.ts(47,48): error TS2322: Type 'string | null' is not assignable to type 'string | undefined'.
  Type 'null' is not assignable to type 'string | undefined'.
src/hooks/useUpdateServiceStatus.ts(51,57): error TS2322: Type 'string | null' is not assignable to type 'string | undefined'.
  Type 'null' is not assignable to type 'string | undefined'.
src/hooks/useUpdateServiceStatus.ts(62,64): error TS2322: Type 'string | null' is not assignable to type 'string | undefined'.
  Type 'null' is not assignable to type 'string | undefined'.
src/hooks/useUpdateServiceStatus.ts(70,36): error TS2345: Argument of type 'unknown' is not assignable to parameter of type 'readonly unknown[]'.
src/pages/BidDetailPage.tsx(329,9): error TS6133: 'ownerName' is declared but its value is never read.
src/pages/BidDetailPage.tsx(351,43): error TS2352: Conversion of type '{ section_key: string; content_json: { items: string[]; }; sort_order: number; }[]' to type 'BidSection[]' may be a mistake because neither type sufficiently overlaps with the other. If this was intentional, convert the expression to 'unknown' first.
  Property 'bid_section_id' is missing in type '{ section_key: string; content_json: { items: string[]; }; sort_order: number; }' but required in type 'BidSection'.
src/pages/BidsPanelPage.tsx(129,43): error TS7023: 'filter' implicitly has return type 'any' because it does not have a return type annotation and is referenced directly or indirectly in one of its return expressions.
src/pages/DashboardPage.tsx(260,5): error TS2769: No overload matches this call.
  Overload 1 of 3, '(options: DefinedInitialDataOptions<unknown, Error, unknown, (string | number | number[])[]>, queryClient?: QueryClient | undefined): DefinedUseQueryResult<unknown, Error>', gave the following error.
    Object literal may only specify known properties, and 'keepPreviousData' does not exist in type 'DefinedInitialDataOptions<unknown, Error, unknown, (string | number | number[])[]>'.
  Overload 2 of 3, '(options: UndefinedInitialDataOptions<DashboardTimelineResponse, Error, DashboardTimelineResponse, (string | number | number[])[]>, queryClient?: QueryClient | undefined): UseQueryResult<...>', gave the following error.
    Object literal may only specify known properties, and 'keepPreviousData' does not exist in type 'UndefinedInitialDataOptions<DashboardTimelineResponse, Error, DashboardTimelineResponse, (string | number | number[])[]>'.
  Overload 3 of 3, '(options: UseQueryOptions<DashboardTimelineResponse, Error, DashboardTimelineResponse, (string | number | number[])[]>, queryClient?: QueryClient | undefined): UseQueryResult<...>', gave the following error.
    Object literal may only specify known properties, and 'keepPreviousData' does not exist in type 'UseQueryOptions<DashboardTimelineResponse, Error, DashboardTimelineResponse, (string | number | number[])[]>'.
src/pages/DashboardPage.tsx(263,42): error TS2339: Property 'projects' does not exist on type '{}'.
src/pages/DashboardPage.tsx(272,33): error TS7006: Parameter 'project' implicitly has an 'any' type.
src/pages/DashboardPage.tsx(320,37): error TS7006: Parameter 'project' implicitly has an 'any' type.
src/pages/DashboardPage.tsx(337,15): error TS7006: Parameter 'p' implicitly has an 'any' type.
src/pages/DashboardPage.tsx(338,18): error TS7006: Parameter 'id' implicitly has an 'any' type.
src/pages/DashboardPage.tsx(438,5): error TS2769: No overload matches this call.
  Overload 1 of 3, '(options: DefinedInitialDataOptions<WarehouseDashboardMetrics, Error, WarehouseDashboardMetrics, readonly unknown[]>, queryClient?: QueryClient | undefined): DefinedUseQueryResult<...>', gave the following error.
    Object literal may only specify known properties, and 'keepPreviousData' does not exist in type 'DefinedInitialDataOptions<WarehouseDashboardMetrics, Error, WarehouseDashboardMetrics, readonly unknown[]>'.
  Overload 2 of 3, '(options: UndefinedInitialDataOptions<WarehouseDashboardMetrics, Error, WarehouseDashboardMetrics, readonly unknown[]>, queryClient?: QueryClient | undefined): UseQueryResult<...>', gave the following error.
    Object literal may only specify known properties, and 'keepPreviousData' does not exist in type 'UndefinedInitialDataOptions<WarehouseDashboardMetrics, Error, WarehouseDashboardMetrics, readonly unknown[]>'.
  Overload 3 of 3, '(options: UseQueryOptions<WarehouseDashboardMetrics, Error, WarehouseDashboardMetrics, readonly unknown[]>, queryClient?: QueryClient | undefined): UseQueryResult<...>', gave the following error.
    Object literal may only specify known properties, and 'keepPreviousData' does not exist in type 'UseQueryOptions<WarehouseDashboardMetrics, Error, WarehouseDashboardMetrics, readonly unknown[]>'.
src/pages/DashboardPage.tsx(461,5): error TS2769: No overload matches this call.
  Overload 1 of 3, '(options: DefinedInitialDataOptions<DashboardIssuesKpis, Error, DashboardIssuesKpis, readonly unknown[]>, queryClient?: QueryClient | undefined): DefinedUseQueryResult<...>', gave the following error.
    Object literal may only specify known properties, and 'keepPreviousData' does not exist in type 'DefinedInitialDataOptions<DashboardIssuesKpis, Error, DashboardIssuesKpis, readonly unknown[]>'.
  Overload 2 of 3, '(options: UndefinedInitialDataOptions<DashboardIssuesKpis, Error, DashboardIssuesKpis, readonly unknown[]>, queryClient?: QueryClient | undefined): UseQueryResult<...>', gave the following error.
    Object literal may only specify known properties, and 'keepPreviousData' does not exist in type 'UndefinedInitialDataOptions<DashboardIssuesKpis, Error, DashboardIssuesKpis, readonly unknown[]>'.
  Overload 3 of 3, '(options: UseQueryOptions<DashboardIssuesKpis, Error, DashboardIssuesKpis, readonly unknown[]>, queryClient?: QueryClient | undefined): UseQueryResult<...>', gave the following error.
    Object literal may only specify known properties, and 'keepPreviousData' does not exist in type 'UseQueryOptions<DashboardIssuesKpis, Error, DashboardIssuesKpis, readonly unknown[]>'.
src/pages/DashboardPage.tsx(489,5): error TS2769: No overload matches this call.
  Overload 1 of 3, '(options: DefinedInitialDataOptions<DashboardIssuesCharts, Error, DashboardIssuesCharts, readonly unknown[]>, queryClient?: QueryClient | undefined): DefinedUseQueryResult<...>', gave the following error.
    Object literal may only specify known properties, and 'keepPreviousData' does not exist in type 'DefinedInitialDataOptions<DashboardIssuesCharts, Error, DashboardIssuesCharts, readonly unknown[]>'.
  Overload 2 of 3, '(options: UndefinedInitialDataOptions<DashboardIssuesCharts, Error, DashboardIssuesCharts, readonly unknown[]>, queryClient?: QueryClient | undefined): UseQueryResult<...>', gave the following error.
    Object literal may only specify known properties, and 'keepPreviousData' does not exist in type 'UndefinedInitialDataOptions<DashboardIssuesCharts, Error, DashboardIssuesCharts, readonly unknown[]>'.
  Overload 3 of 3, '(options: UseQueryOptions<DashboardIssuesCharts, Error, DashboardIssuesCharts, readonly unknown[]>, queryClient?: QueryClient | undefined): UseQueryResult<...>', gave the following error.
    Object literal may only specify known properties, and 'keepPreviousData' does not exist in type 'UseQueryOptions<DashboardIssuesCharts, Error, DashboardIssuesCharts, readonly unknown[]>'.
src/pages/DashboardPage.tsx(520,5): error TS2769: No overload matches this call.
  Overload 1 of 3, '(options: DefinedInitialDataOptions<DashboardIssuesTable, Error, DashboardIssuesTable, readonly unknown[]>, queryClient?: QueryClient | undefined): DefinedUseQueryResult<...>', gave the following error.
    Object literal may only specify known properties, and 'keepPreviousData' does not exist in type 'DefinedInitialDataOptions<DashboardIssuesTable, Error, DashboardIssuesTable, readonly unknown[]>'.
  Overload 2 of 3, '(options: UndefinedInitialDataOptions<DashboardIssuesTable, Error, DashboardIssuesTable, readonly unknown[]>, queryClient?: QueryClient | undefined): UseQueryResult<...>', gave the following error.
    Object literal may only specify known properties, and 'keepPreviousData' does not exist in type 'UndefinedInitialDataOptions<DashboardIssuesTable, Error, DashboardIssuesTable, readonly unknown[]>'.
  Overload 3 of 3, '(options: UseQueryOptions<DashboardIssuesTable, Error, DashboardIssuesTable, readonly unknown[]>, queryClient?: QueryClient | undefined): UseQueryResult<...>', gave the following error.
    Object literal may only specify known properties, and 'keepPreviousData' does not exist in type 'UseQueryOptions<DashboardIssuesTable, Error, DashboardIssuesTable, readonly unknown[]>'.
src/pages/DashboardPage.tsx(532,5): error TS2769: No overload matches this call.
  Overload 1 of 3, '(options: DefinedInitialDataOptions<RevitHealthDashboardMetrics, Error, RevitHealthDashboardMetrics, readonly unknown[]>, queryClient?: QueryClient | undefined): DefinedUseQueryResult<...>', gave the following error.
    Object literal may only specify known properties, and 'keepPreviousData' does not exist in type 'DefinedInitialDataOptions<RevitHealthDashboardMetrics, Error, RevitHealthDashboardMetrics, readonly unknown[]>'.
  Overload 2 of 3, '(options: UndefinedInitialDataOptions<RevitHealthDashboardMetrics, Error, RevitHealthDashboardMetrics, readonly unknown[]>, queryClient?: QueryClient | undefined): UseQueryResult<...>', gave the following error.
    Object literal may only specify known properties, and 'keepPreviousData' does not exist in type 'UndefinedInitialDataOptions<RevitHealthDashboardMetrics, Error, RevitHealthDashboardMetrics, readonly unknown[]>'.
  Overload 3 of 3, '(options: UseQueryOptions<RevitHealthDashboardMetrics, Error, RevitHealthDashboardMetrics, readonly unknown[]>, queryClient?: QueryClient | undefined): UseQueryResult<...>', gave the following error.
    Object literal may only specify known properties, and 'keepPreviousData' does not exist in type 'UseQueryOptions<RevitHealthDashboardMetrics, Error, RevitHealthDashboardMetrics, readonly unknown[]>'.
src/pages/DashboardPage.tsx(544,5): error TS2769: No overload matches this call.
  Overload 1 of 3, '(options: DefinedInitialDataOptions<NamingComplianceMetrics, Error, NamingComplianceMetrics, readonly unknown[]>, queryClient?: QueryClient | undefined): DefinedUseQueryResult<...>', gave the following error.
    Object literal may only specify known properties, and 'keepPreviousData' does not exist in type 'DefinedInitialDataOptions<NamingComplianceMetrics, Error, NamingComplianceMetrics, readonly unknown[]>'.
  Overload 2 of 3, '(options: UndefinedInitialDataOptions<NamingComplianceMetrics, Error, NamingComplianceMetrics, readonly unknown[]>, queryClient?: QueryClient | undefined): UseQueryResult<...>', gave the following error.
    Object literal may only specify known properties, and 'keepPreviousData' does not exist in type 'UndefinedInitialDataOptions<NamingComplianceMetrics, Error, NamingComplianceMetrics, readonly unknown[]>'.
  Overload 3 of 3, '(options: UseQueryOptions<NamingComplianceMetrics, Error, NamingComplianceMetrics, readonly unknown[]>, queryClient?: QueryClient | undefined): UseQueryResult<...>', gave the following error.
    Object literal may only specify known properties, and 'keepPreviousData' does not exist in type 'UseQueryOptions<NamingComplianceMetrics, Error, NamingComplianceMetrics, readonly unknown[]>'.
src/pages/DashboardPage.tsx(585,5): error TS2769: No overload matches this call.
  Overload 1 of 3, '(options: DefinedInitialDataOptions<CoordinateAlignmentDashboard, Error, CoordinateAlignmentDashboard, readonly unknown[]>, queryClient?: QueryClient | undefined): DefinedUseQueryResult<...>', gave the following error.
    Object literal may only specify known properties, and 'keepPreviousData' does not exist in type 'DefinedInitialDataOptions<CoordinateAlignmentDashboard, Error, CoordinateAlignmentDashboard, readonly unknown[]>'.
  Overload 2 of 3, '(options: UndefinedInitialDataOptions<CoordinateAlignmentDashboard, Error, CoordinateAlignmentDashboard, readonly unknown[]>, queryClient?: QueryClient | undefined): UseQueryResult<...>', gave the following error.
    Object literal may only specify known properties, and 'keepPreviousData' does not exist in type 'UndefinedInitialDataOptions<CoordinateAlignmentDashboard, Error, CoordinateAlignmentDashboard, readonly unknown[]>'.
  Overload 3 of 3, '(options: UseQueryOptions<CoordinateAlignmentDashboard, Error, CoordinateAlignmentDashboard, readonly unknown[]>, queryClient?: QueryClient | undefined): UseQueryResult<...>', gave the following error.
    Object literal may only specify known properties, and 'keepPreviousData' does not exist in type 'UseQueryOptions<CoordinateAlignmentDashboard, Error, CoordinateAlignmentDashboard, readonly unknown[]>'.
src/pages/DashboardPage.tsx(608,5): error TS2769: No overload matches this call.
  Overload 1 of 3, '(options: DefinedInitialDataOptions<GridAlignmentDashboard, Error, GridAlignmentDashboard, readonly unknown[]>, queryClient?: QueryClient | undefined): DefinedUseQueryResult<...>', gave the following error.
    Object literal may only specify known properties, and 'keepPreviousData' does not exist in type 'DefinedInitialDataOptions<GridAlignmentDashboard, Error, GridAlignmentDashboard, readonly unknown[]>'.
  Overload 2 of 3, '(options: UndefinedInitialDataOptions<GridAlignmentDashboard, Error, GridAlignmentDashboard, readonly unknown[]>, queryClient?: QueryClient | undefined): UseQueryResult<...>', gave the following error.
    Object literal may only specify known properties, and 'keepPreviousData' does not exist in type 'UndefinedInitialDataOptions<GridAlignmentDashboard, Error, GridAlignmentDashboard, readonly unknown[]>'.
  Overload 3 of 3, '(options: UseQueryOptions<GridAlignmentDashboard, Error, GridAlignmentDashboard, readonly unknown[]>, queryClient?: QueryClient | undefined): UseQueryResult<...>', gave the following error.
    Object literal may only specify known properties, and 'keepPreviousData' does not exist in type 'UseQueryOptions<GridAlignmentDashboard, Error, GridAlignmentDashboard, readonly unknown[]>'.
src/pages/DashboardPage.tsx(633,5): error TS2769: No overload matches this call.
  Overload 1 of 3, '(options: DefinedInitialDataOptions<LevelAlignmentDashboard, Error, LevelAlignmentDashboard, readonly unknown[]>, queryClient?: QueryClient | undefined): DefinedUseQueryResult<...>', gave the following error.
    Object literal may only specify known properties, and 'keepPreviousData' does not exist in type 'DefinedInitialDataOptions<LevelAlignmentDashboard, Error, LevelAlignmentDashboard, readonly unknown[]>'.
  Overload 2 of 3, '(options: UndefinedInitialDataOptions<LevelAlignmentDashboard, Error, LevelAlignmentDashboard, readonly unknown[]>, queryClient?: QueryClient | undefined): UseQueryResult<...>', gave the following error.
    Object literal may only specify known properties, and 'keepPreviousData' does not exist in type 'UndefinedInitialDataOptions<LevelAlignmentDashboard, Error, LevelAlignmentDashboard, readonly unknown[]>'.
  Overload 3 of 3, '(options: UseQueryOptions<LevelAlignmentDashboard, Error, LevelAlignmentDashboard, readonly unknown[]>, queryClient?: QueryClient | undefined): UseQueryResult<...>', gave the following error.
    Object literal may only specify known properties, and 'keepPreviousData' does not exist in type 'UseQueryOptions<LevelAlignmentDashboard, Error, LevelAlignmentDashboard, readonly unknown[]>'.
src/pages/DashboardPage.tsx(637,23): error TS2339: Property 'error' does not exist on type 'NonNullable<NoInfer<TQueryFnData>>'.
src/pages/DashboardPage.tsx(647,23): error TS2339: Property 'review_performance' does not exist on type 'NonNullable<NoInfer<TQueryFnData>>'.
src/pages/DashboardPage.tsx(648,37): error TS2339: Property 'review_performance' does not exist on type 'NonNullable<NoInfer<TQueryFnData>>'.
src/pages/DashboardPage.tsx(651,9): error TS6133: 'controlCoveragePct' is declared but its value is never read.
src/pages/DashboardPage.tsx(652,28): error TS2339: Property 'control_models' does not exist on type 'NonNullable<NoInfer<TQueryFnData>>'.
src/pages/DashboardPage.tsx(654,25): error TS2339: Property 'project_health' does not exist on type 'NonNullable<NoInfer<TQueryFnData>>'.
src/pages/DashboardPage.tsx(655,24): error TS2339: Property 'control_models' does not exist on type 'NonNullable<NoInfer<TQueryFnData>>'.
src/pages/DashboardPage.tsx(656,26): error TS2339: Property 'control_models' does not exist on type 'NonNullable<NoInfer<TQueryFnData>>'.
src/pages/DashboardPage.tsx(658,41): error TS2339: Property 'control_models' does not exist on type 'NonNullable<NoInfer<TQueryFnData>>'.
src/pages/DashboardPage.tsx(661,9): error TS6133: 'backlogAgeTotal' is declared but its value is never read.
src/pages/DashboardPage.tsx(662,33): error TS2339: Property 'backlog_age' does not exist on type 'NonNullable<NoInfer<TQueryFnData>>'.
src/pages/DashboardPage.tsx(700,36): error TS2339: Property 'status' does not exist on type 'NonNullable<NoInfer<TQueryFnData>>'.
src/pages/DashboardPage.tsx(701,38): error TS2339: Property 'priority' does not exist on type 'NonNullable<NoInfer<TQueryFnData>>'.
src/pages/DashboardPage.tsx(702,40): error TS2339: Property 'discipline' does not exist on type 'NonNullable<NoInfer<TQueryFnData>>'.
src/pages/DashboardPage.tsx(703,34): error TS2339: Property 'zone' does not exist on type 'NonNullable<NoInfer<TQueryFnData>>'.
src/pages/DashboardPage.tsx(705,31): error TS2339: Property 'trend_90d_weekly' does not exist on type 'NonNullable<NoInfer<TQueryFnData>>'.
src/pages/DashboardPage.tsx(705,65): error TS2339: Property 'trend_90d' does not exist on type 'NonNullable<NoInfer<TQueryFnData>>'.
src/pages/DashboardPage.tsx(709,45): error TS7006: Parameter 'current' implicitly has an 'any' type.
src/pages/DashboardPage.tsx(709,54): error TS7006: Parameter 'point' implicitly has an 'any' type.
src/pages/DashboardPage.tsx(727,31): error TS7006: Parameter 'point' implicitly has an 'any' type.
src/pages/DashboardPage.tsx(740,31): error TS2339: Property 'trend_all_time_monthly' does not exist on type 'NonNullable<NoInfer<TQueryFnData>>'.
src/pages/DashboardPage.tsx(746,14): error TS7006: Parameter 'a' implicitly has an 'any' type.
src/pages/DashboardPage.tsx(746,17): error TS7006: Parameter 'b' implicitly has an 'any' type.
src/pages/DashboardPage.tsx(751,21): error TS7006: Parameter 'entry' implicitly has an 'any' type.
src/pages/DashboardPage.tsx(758,50): error TS2339: Property 'control_base_points' does not exist on type 'NonNullable<NoInfer<TQueryFnData>>'.
src/pages/DashboardPage.tsx(759,52): error TS2339: Property 'control_survey_points' does not exist on type 'NonNullable<NoInfer<TQueryFnData>>'.
src/pages/DashboardPage.tsx(760,48): error TS2339: Property 'model_base_points' does not exist on type 'NonNullable<NoInfer<TQueryFnData>>'.
src/pages/DashboardPage.tsx(761,50): error TS2339: Property 'model_survey_points' does not exist on type 'NonNullable<NoInfer<TQueryFnData>>'.
src/pages/DashboardPage.tsx(763,71): error TS7006: Parameter 'row' implicitly has an 'any' type.
src/pages/DashboardPage.tsx(764,75): error TS7006: Parameter 'row' implicitly has an 'any' type.
src/pages/DashboardPage.tsx(766,42): error TS7006: Parameter 'row' implicitly has an 'any' type.
src/pages/DashboardPage.tsx(769,67): error TS7006: Parameter 'row' implicitly has an 'any' type.
src/pages/DashboardPage.tsx(778,39): error TS2339: Property 'trend' does not exist on type 'NonNullable<NoInfer<TQueryFnData>>'.
src/pages/DashboardPage.tsx(782,13): error TS7006: Parameter 't' implicitly has an 'any' type.
src/pages/DashboardPage.tsx(787,23): error TS2339: Property 'summary' does not exist on type 'NonNullable<NoInfer<TQueryFnData>>'.
src/pages/DashboardPage.tsx(788,37): error TS2339: Property 'summary' does not exist on type 'NonNullable<NoInfer<TQueryFnData>>'.
src/pages/DashboardPage.tsx(791,43): error TS2339: Property 'data_freshness' does not exist on type 'NonNullable<NoInfer<TQueryFnData>>'.
src/pages/DashboardPage.tsx(792,41): error TS2339: Property 'data_quality' does not exist on type 'NonNullable<NoInfer<TQueryFnData>>'.
src/pages/DashboardPage.tsx(902,37): error TS2339: Property 'by_discipline' does not exist on type 'NonNullable<NoInfer<TQueryFnData>>'.
src/pages/DashboardPage.tsx(903,25): error TS7006: Parameter 'd' implicitly has an 'any' type.
src/pages/DashboardPage.tsx(904,28): error TS7006: Parameter 'val' implicitly has an 'any' type.
src/pages/DashboardPage.tsx(904,33): error TS7006: Parameter 'idx' implicitly has an 'any' type.
src/pages/DashboardPage.tsx(904,38): error TS7006: Parameter 'arr' implicitly has an 'any' type.
src/pages/DashboardPage.tsx(905,25): error TS7006: Parameter 'discipline' implicitly has an 'any' type.
src/pages/DashboardPage.tsx(949,30): error TS7006: Parameter 'p' implicitly has an 'any' type.
src/pages/DashboardPage.tsx(950,27): error TS7006: Parameter 'p' implicitly has an 'any' type.
src/pages/DashboardPage.tsx(957,40): error TS7006: Parameter 'project' implicitly has an 'any' type.
src/pages/DashboardPage.tsx(1073,61): error TS2339: Property 'project_health' does not exist on type 'NoInfer<TQueryFnData>'.
src/pages/DashboardPage.tsx(1082,61): error TS2339: Property 'project_health' does not exist on type 'NoInfer<TQueryFnData>'.
src/pages/DashboardPage.tsx(1090,61): error TS2339: Property 'project_health' does not exist on type 'NoInfer<TQueryFnData>'.
src/pages/DashboardPage.tsx(1099,61): error TS2339: Property 'project_health' does not exist on type 'NoInfer<TQueryFnData>'.
src/pages/DashboardPage.tsx(1124,61): error TS2339: Property 'review_performance' does not exist on type 'NoInfer<TQueryFnData>'.
src/pages/DashboardPage.tsx(1130,70): error TS2339: Property 'review_performance' does not exist on type 'NoInfer<TQueryFnData>'.
src/pages/DashboardPage.tsx(1134,46): error TS2339: Property 'review_performance' does not exist on type 'NoInfer<TQueryFnData>'.
src/pages/DashboardPage.tsx(1142,53): error TS2339: Property 'review_performance' does not exist on type 'NoInfer<TQueryFnData>'.
src/pages/DashboardPage.tsx(1143,53): error TS2339: Property 'review_performance' does not exist on type 'NoInfer<TQueryFnData>'.
src/pages/DashboardPage.tsx(1146,49): error TS2339: Property 'review_performance' does not exist on type 'NoInfer<TQueryFnData>'.
src/pages/DashboardPage.tsx(1147,49): error TS2339: Property 'review_performance' does not exist on type 'NoInfer<TQueryFnData>'.
src/pages/DashboardPage.tsx(1228,51): error TS2339: Property 'service_financials' does not exist on type 'NoInfer<TQueryFnData>'.
src/pages/DashboardPage.tsx(1233,64): error TS2339: Property 'service_financials' does not exist on type 'NoInfer<TQueryFnData>'.
src/pages/DashboardPage.tsx(1241,81): error TS2339: Property 'service_financials' does not exist on type 'NoInfer<TQueryFnData>'.
src/pages/DashboardPage.tsx(1246,78): error TS2339: Property 'service_financials' does not exist on type 'NoInfer<TQueryFnData>'.
src/pages/DashboardPage.tsx(1330,52): error TS2339: Property 'active_issues' does not exist on type 'NonNullable<NoInfer<TQueryFnData>>'.
src/pages/DashboardPage.tsx(1338,52): error TS2339: Property 'total_issues' does not exist on type 'NonNullable<NoInfer<TQueryFnData>>'.
src/pages/DashboardPage.tsx(1346,52): error TS2339: Property 'over_30_days' does not exist on type 'NonNullable<NoInfer<TQueryFnData>>'.
src/pages/DashboardPage.tsx(1354,52): error TS2339: Property 'closed_since_review' does not exist on type 'NonNullable<NoInfer<TQueryFnData>>'.
src/pages/DashboardPage.tsx(1379,46): error TS7006: Parameter 'entry' implicitly has an 'any' type.
src/pages/DashboardPage.tsx(1379,53): error TS7006: Parameter 'idx' implicitly has an 'any' type.
src/pages/DashboardPage.tsx(1405,48): error TS7006: Parameter 'entry' implicitly has an 'any' type.
src/pages/DashboardPage.tsx(1405,55): error TS7006: Parameter 'idx' implicitly has an 'any' type.
src/pages/DashboardPage.tsx(1435,50): error TS7006: Parameter 'entry' implicitly has an 'any' type.
src/pages/DashboardPage.tsx(1435,57): error TS7006: Parameter 'idx' implicitly has an 'any' type.
src/pages/DashboardPage.tsx(1463,35): error TS2769: No overload matches this call.
  Overload 1 of 2, '(props: Props): Treemap', gave the following error.
    Type '({ x, y, width, height, index, name, value }: { x: any; y: any; width: any; height: any; index: any; name: any; value: any; }) => Element' is not assignable to type 'ReactElement<any, string | JSXElementConstructor<any>>'.
  Overload 2 of 2, '(props: Props, context: any): Treemap', gave the following error.
    Type '({ x, y, width, height, index, name, value }: { x: any; y: any; width: any; height: any; index: any; name: any; value: any; }) => Element' is not assignable to type 'ReactElement<any, string | JSXElementConstructor<any>>'.
src/pages/DashboardPage.tsx(1463,39): error TS7031: Binding element 'x' implicitly has an 'any' type.
src/pages/DashboardPage.tsx(1463,42): error TS7031: Binding element 'y' implicitly has an 'any' type.
src/pages/DashboardPage.tsx(1463,45): error TS7031: Binding element 'width' implicitly has an 'any' type.
src/pages/DashboardPage.tsx(1463,52): error TS7031: Binding element 'height' implicitly has an 'any' type.
src/pages/DashboardPage.tsx(1463,60): error TS7031: Binding element 'index' implicitly has an 'any' type.
src/pages/DashboardPage.tsx(1463,67): error TS7031: Binding element 'name' implicitly has an 'any' type.
src/pages/DashboardPage.tsx(1463,73): error TS7031: Binding element 'value' implicitly has an 'any' type.
src/pages/DashboardPage.tsx(1667,38): error TS2339: Property 'rows' does not exist on type 'NonNullable<NoInfer<TQueryFnData>>'.
src/pages/DashboardPage.tsx(1667,55): error TS7006: Parameter 'row' implicitly has an 'any' type.
src/pages/DashboardPage.tsx(1699,63): error TS2339: Property 'rows' does not exist on type 'NonNullable<NoInfer<TQueryFnData>>'.
src/pages/DashboardPage.tsx(1722,39): error TS2339: Property 'total_count' does not exist on type 'NonNullable<NoInfer<TQueryFnData>>'.
src/pages/DashboardPage.tsx(1761,54): error TS2339: Property 'isLoading' does not exist on type 'UseMutationResult<void, Error, void, unknown>'.
  Property 'isLoading' does not exist on type 'Override<MutationObserverIdleResult<void, Error, void, unknown>, { mutate: UseMutateFunction<void, Error, void, unknown>; }> & { ...; }'.
src/pages/DashboardPage.tsx(1763,45): error TS2339: Property 'isLoading' does not exist on type 'UseMutationResult<void, Error, void, unknown>'.
  Property 'isLoading' does not exist on type 'Override<MutationObserverIdleResult<void, Error, void, unknown>, { mutate: UseMutateFunction<void, Error, void, unknown>; }> & { ...; }'.
src/pages/DashboardPage.tsx(1776,72): error TS2339: Property 'summary' does not exist on type 'NonNullable<NoInfer<TQueryFnData>>'.
src/pages/DashboardPage.tsx(1777,40): error TS2339: Property 'summary' does not exist on type 'NonNullable<NoInfer<TQueryFnData>>'.
src/pages/DashboardPage.tsx(1786,61): error TS2339: Property 'summary' does not exist on type 'NonNullable<NoInfer<TQueryFnData>>'.
src/pages/DashboardPage.tsx(1787,80): error TS2339: Property 'summary' does not exist on type 'NonNullable<NoInfer<TQueryFnData>>'.
src/pages/DashboardPage.tsx(1799,44): error TS2339: Property 'by_discipline' does not exist on type 'NonNullable<NoInfer<TQueryFnData>>'.
src/pages/DashboardPage.tsx(1799,70): error TS7006: Parameter 'd' implicitly has an 'any' type.
src/pages/DashboardPage.tsx(1808,45): error TS2339: Property 'by_discipline' does not exist on type 'NonNullable<NoInfer<TQueryFnData>>'.
src/pages/DashboardPage.tsx(1808,79): error TS2339: Property 'by_discipline' does not exist on type 'NonNullable<NoInfer<TQueryFnData>>'.
src/pages/DashboardPage.tsx(1837,48): error TS2339: Property 'recent_invalid' does not exist on type 'NonNullable<NoInfer<TQueryFnData>>'.
src/pages/DashboardPage.tsx(1837,75): error TS7006: Parameter 'row' implicitly has an 'any' type.
src/pages/DashboardPage.tsx(1837,80): error TS7006: Parameter 'idx' implicitly has an 'any' type.
src/pages/DashboardPage.tsx(1847,49): error TS2339: Property 'recent_invalid' does not exist on type 'NonNullable<NoInfer<TQueryFnData>>'.
src/pages/DashboardPage.tsx(1847,84): error TS2339: Property 'recent_invalid' does not exist on type 'NonNullable<NoInfer<TQueryFnData>>'.
src/pages/DashboardPage.tsx(1876,71): error TS2339: Property 'error' does not exist on type 'NonNullable<NoInfer<TQueryFnData>>'.
src/pages/DashboardPage.tsx(1879,41): error TS2339: Property 'error' does not exist on type 'NonNullable<NoInfer<TQueryFnData>>'.
src/pages/DashboardPage.tsx(1904,49): error TS7006: Parameter 'row' implicitly has an 'any' type.
src/pages/DashboardPage.tsx(1951,51): error TS7006: Parameter 'row' implicitly has an 'any' type.
src/pages/DashboardPage.tsx(2000,47): error TS7006: Parameter 'row' implicitly has an 'any' type.
src/pages/DashboardPage.tsx(2051,49): error TS7006: Parameter 'row' implicitly has an 'any' type.
src/pages/DashboardPage.tsx(2078,49): error TS2339: Property 'total' does not exist on type 'NonNullable<NoInfer<TQueryFnData>>'.
src/pages/DashboardPage.tsx(2105,64): error TS2339: Property 'sections' does not exist on type 'NonNullable<NoInfer<TQueryFnData>>'.
src/pages/DashboardPage.tsx(2106,75): error TS2339: Property 'sections' does not exist on type 'NonNullable<NoInfer<TQueryFnData>>'.
src/pages/DashboardPage.tsx(2113,64): error TS2339: Property 'sections' does not exist on type 'NonNullable<NoInfer<TQueryFnData>>'.
src/pages/DashboardPage.tsx(2114,81): error TS2339: Property 'sections' does not exist on type 'NonNullable<NoInfer<TQueryFnData>>'.
src/pages/DashboardPage.tsx(2121,64): error TS2339: Property 'sections' does not exist on type 'NonNullable<NoInfer<TQueryFnData>>'.
src/pages/DashboardPage.tsx(2122,77): error TS2339: Property 'sections' does not exist on type 'NonNullable<NoInfer<TQueryFnData>>'.
src/pages/DashboardPage.tsx(2132,31): error TS2339: Property 'error' does not exist on type 'NonNullable<NoInfer<TQueryFnData>>'.
src/pages/DashboardPage.tsx(2134,67): error TS2339: Property 'error' does not exist on type 'NonNullable<NoInfer<TQueryFnData>>'.
src/pages/DashboardPage.tsx(2157,42): error TS2339: Property 'items' does not exist on type 'NonNullable<NoInfer<TQueryFnData>>'.
src/pages/DashboardPage.tsx(2157,60): error TS7006: Parameter 'row' implicitly has an 'any' type.
src/pages/DashboardPage.tsx(2157,65): error TS7006: Parameter 'idx' implicitly has an 'any' type.
src/pages/DashboardPage.tsx(2171,69): error TS2339: Property 'items' does not exist on type 'NonNullable<NoInfer<TQueryFnData>>'.
src/pages/DashboardPage.tsx(2185,43): error TS2339: Property 'total' does not exist on type 'NonNullable<NoInfer<TQueryFnData>>'.
src/pages/DashboardPage.tsx(2226,64): error TS2339: Property 'sections' does not exist on type 'NonNullable<NoInfer<TQueryFnData>>'.
src/pages/DashboardPage.tsx(2227,75): error TS2339: Property 'sections' does not exist on type 'NonNullable<NoInfer<TQueryFnData>>'.
src/pages/DashboardPage.tsx(2234,64): error TS2339: Property 'sections' does not exist on type 'NonNullable<NoInfer<TQueryFnData>>'.
src/pages/DashboardPage.tsx(2244,32): error TS2339: Property 'error' does not exist on type 'NonNullable<NoInfer<TQueryFnData>>'.
src/pages/DashboardPage.tsx(2246,69): error TS2339: Property 'error' does not exist on type 'NonNullable<NoInfer<TQueryFnData>>'.
src/pages/DashboardPage.tsx(2271,43): error TS2339: Property 'items' does not exist on type 'NonNullable<NoInfer<TQueryFnData>>'.
src/pages/DashboardPage.tsx(2271,61): error TS7006: Parameter 'row' implicitly has an 'any' type.
src/pages/DashboardPage.tsx(2271,66): error TS7006: Parameter 'idx' implicitly has an 'any' type.
src/pages/DashboardPage.tsx(2291,71): error TS2339: Property 'items' does not exist on type 'NonNullable<NoInfer<TQueryFnData>>'.
src/pages/DashboardPage.tsx(2305,44): error TS2339: Property 'total' does not exist on type 'NonNullable<NoInfer<TQueryFnData>>'.
src/pages/DashboardPage.tsx(2331,42): error TS2339: Property 'summary' does not exist on type 'NonNullable<NoInfer<TQueryFnData>>'.
src/pages/DashboardPage.tsx(2332,60): error TS2339: Property 'summary' does not exist on type 'NonNullable<NoInfer<TQueryFnData>>'.
src/pages/DashboardPage.tsx(2335,74): error TS2339: Property 'summary' does not exist on type 'NonNullable<NoInfer<TQueryFnData>>'.
src/pages/DashboardPage.tsx(2341,66): error TS2339: Property 'summary' does not exist on type 'NonNullable<NoInfer<TQueryFnData>>'.
src/pages/DashboardPage.tsx(2342,42): error TS2339: Property 'summary' does not exist on type 'NonNullable<NoInfer<TQueryFnData>>'.
src/pages/DashboardPage.tsx(2344,80): error TS2339: Property 'summary' does not exist on type 'NonNullable<NoInfer<TQueryFnData>>'.
src/pages/DashboardPage.tsx(2351,63): error TS2339: Property 'summary' does not exist on type 'NonNullable<NoInfer<TQueryFnData>>'.
src/pages/DashboardPage.tsx(2352,77): error TS2339: Property 'summary' does not exist on type 'NonNullable<NoInfer<TQueryFnData>>'.
src/pages/DashboardPage.tsx(2364,74): error TS2339: Property 'summary' does not exist on type 'NonNullable<NoInfer<TQueryFnData>>'.
src/pages/ProjectsHomePageV2.tsx(115,52): error TS7023: 'filter' implicitly has return type 'any' because it does not have a return type annotation and is referenced directly or indirectly in one of its return expressions.
src/pages/ProjectsHomePageV2.tsx(139,9): error TS7023: 'filter' implicitly has return type 'any' because it does not have a return type annotation and is referenced directly or indirectly in one of its return expressions.
src/pages/ProjectsPanelPage.tsx(123,43): error TS7023: 'filter' implicitly has return type 'any' because it does not have a return type annotation and is referenced directly or indirectly in one of its return expressions.
src/pages/ProjectsPanelPage.tsx(147,9): error TS7023: 'filter' implicitly has return type 'any' because it does not have a return type annotation and is referenced directly or indirectly in one of its return expressions.
src/pages/ProjectsPanelPage.tsx(236,57): error TS2322: Type 'string | null' is not assignable to type 'string | undefined'.
  Type 'null' is not assignable to type 'string | undefined'.
src/pages/ProjectWorkspacePageV2.tsx(209,9): error TS2322: Type 'string | null' is not assignable to type 'string | undefined'.
  Type 'null' is not assignable to type 'string | undefined'.
src/pages/ProjectWorkspacePageV2.tsx(236,70): error TS2345: Argument of type '(existing: ServiceReview[] | undefined) => { status: string | null; review_id: number; service_id: number; cycle_no: number; planned_date: string; due_date?: string | undefined; ... 12 more ...; is_billed?: boolean | undefined; }[] | undefined' is not assignable to parameter of type 'Updater<ServiceReview[] | undefined, ServiceReview[] | undefined>'.
  Type '(existing: ServiceReview[] | undefined) => { status: string | null; review_id: number; service_id: number; cycle_no: number; planned_date: string; due_date?: string | undefined; ... 12 more ...; is_billed?: boolean | undefined; }[] | undefined' is not assignable to type '(input: ServiceReview[] | undefined) => ServiceReview[] | undefined'.
    Type '{ status: string | null; review_id: number; service_id: number; cycle_no: number; planned_date: string; due_date?: string | undefined; disciplines?: string | undefined; deliverables?: string | undefined; ... 10 more ...; is_billed?: boolean | undefined; }[] | undefined' is not assignable to type 'ServiceReview[] | undefined'.
      Type '{ status: string | null; review_id: number; service_id: number; cycle_no: number; planned_date: string; due_date?: string | undefined; disciplines?: string | undefined; deliverables?: string | undefined; ... 10 more ...; is_billed?: boolean | undefined; }[]' is not assignable to type 'ServiceReview[]'.
        Type '{ status: string | null; review_id: number; service_id: number; cycle_no: number; planned_date: string; due_date?: string; disciplines?: string; deliverables?: string; weight_factor?: number | null; ... 9 more ...; is_billed?: boolean; }' is not assignable to type 'ServiceReview'.
          Types of property 'status' are incompatible.
            Type 'string | null' is not assignable to type 'string'.
              Type 'null' is not assignable to type 'string'.
src/pages/ProjectWorkspacePageV2.tsx(555,31): error TS7006: Parameter 'task' implicitly has an 'any' type.
src/theme/theme-factory-examples.tsx(15,3): error TS6133: 'professionalDarkTheme' is declared but its value is never read.
src/theme/theme-factory-examples.tsx(16,3): error TS6133: 'corporateLightTheme' is declared but its value is never read.
src/theme/theme-factory-examples.tsx(17,3): error TS6133: 'constructionLightTheme' is declared but its value is never read.
src/theme/theme-factory-examples.tsx(21,3): error TS6133: 'themeRegistry' is declared but its value is never read.
src/theme/theme-factory.ts(363,3): error TS2322: Type '{ fontFamily: string; h1: { fontSize: string; fontWeight: number; lineHeight: number; letterSpacing: string; fontFamily: string; }; h2: { fontSize: string; fontWeight: number; lineHeight: number; letterSpacing: string; fontFamily: string; }; ... 5 more ...; button: { ...; }; }' is not assignable to type 'TypographyOptions | ((palette: Palette) => TypographyOptions) | undefined'.
  Type '{ fontFamily: string; h1: { fontSize: string; fontWeight: number; lineHeight: number; letterSpacing: string; fontFamily: string; }; h2: { fontSize: string; fontWeight: number; lineHeight: number; letterSpacing: string; fontFamily: string; }; ... 5 more ...; button: { ...; }; }' is not assignable to type 'TypographyOptions'.
    The types of 'button.textTransform' are incompatible between these types.
      Type 'string' is not assignable to type 'TextTransform | undefined'.
src/theme/theme-factory.ts(367,3): error TS2322: Type '{ MuiButton: { styleOverrides: { root: { borderRadius: string; padding: string; fontWeight: number; textTransform: string; transition: string; '&:hover': { boxShadow: string; backgroundColor: string; }; }; contained: { ...; }; outlined: { ...; }; }; }; ... 6 more ...; MuiOutlinedInput: { ...; }; }' is not assignable to type 'Components<Omit<Theme, "components">>'.
  The types of 'MuiButton.styleOverrides.root' are incompatible between these types.
    Type '{ borderRadius: string; padding: string; fontWeight: number; textTransform: string; transition: string; '&:hover': { boxShadow: string; backgroundColor: string; }; }' is not assignable to type 'Interpolation<ButtonOwnProps & Omit<ButtonBaseOwnProps, "classes"> & CommonProps & Omit<Omit<DetailedHTMLProps<ButtonHTMLAttributes<HTMLButtonElement>, HTMLButtonElement>, "ref"> & { ...; }, "disabled" | ... 24 more ... | "size"> & { ...; } & Record<...> & { ...; } & { ...; }>'.
      Property 'variants' is missing in type '{ borderRadius: string; padding: string; fontWeight: number; textTransform: string; transition: string; '&:hover': { boxShadow: string; backgroundColor: string; }; }' but required in type 'CSSObjectWithVariants<ButtonOwnProps & Omit<ButtonBaseOwnProps, "classes"> & CommonProps & Omit<Omit<DetailedHTMLProps<ButtonHTMLAttributes<HTMLButtonElement>, HTMLButtonElement>, "ref"> & { ...; }, "disabled" | ... 24 more ... | "size"> & { ...; } & Record<...> & { ...; } & { ...; }>'.
